Archive member included to satisfy reference by file (symbol)

/home/users/behzad.mehmood/Desktop/my_work/LM_RISCV_DV_E21_0/integrated_cores/SiFive_E21/bsp/design-rtl/install/lib/release//libmetal.a(entry.o)
                              (_enter)
/home/users/behzad.mehmood/Desktop/my_work/LM_RISCV_DV_E21_0/integrated_cores/SiFive_E21/bsp/design-rtl/install/lib/release//libmetal.a(scrub.o)
                              /home/users/behzad.mehmood/Desktop/my_work/LM_RISCV_DV_E21_0/integrated_cores/SiFive_E21/bsp/design-rtl/install/lib/release//libmetal.a(entry.o) (__metal_before_start)
/home/users/behzad.mehmood/Desktop/my_work/LM_RISCV_DV_E21_0/integrated_cores/SiFive_E21/bsp/design-rtl/install/lib/release//libmetal.a(trap.o)
                              /home/users/behzad.mehmood/Desktop/my_work/LM_RISCV_DV_E21_0/integrated_cores/SiFive_E21/bsp/design-rtl/install/lib/release//libmetal.a(entry.o) (early_trap_vector)

Discarded input sections

 .bss           0x0000000000000000        0x0 /tmp/ccXdOvj7.o
 .text          0x0000000000000000        0x0 /home/users/behzad.mehmood/Desktop/my_work/LM_RISCV_DV_E21_0/integrated_cores/SiFive_E21/bsp/design-rtl/install/lib/release//libmetal.a(entry.o)
 .data          0x0000000000000000        0x0 /home/users/behzad.mehmood/Desktop/my_work/LM_RISCV_DV_E21_0/integrated_cores/SiFive_E21/bsp/design-rtl/install/lib/release//libmetal.a(entry.o)
 .bss           0x0000000000000000        0x0 /home/users/behzad.mehmood/Desktop/my_work/LM_RISCV_DV_E21_0/integrated_cores/SiFive_E21/bsp/design-rtl/install/lib/release//libmetal.a(entry.o)
 .eh_frame      0x0000000000000000       0x54 /home/users/behzad.mehmood/Desktop/my_work/LM_RISCV_DV_E21_0/integrated_cores/SiFive_E21/bsp/design-rtl/install/lib/release//libmetal.a(entry.o)
 .text          0x0000000000000000        0x0 /home/users/behzad.mehmood/Desktop/my_work/LM_RISCV_DV_E21_0/integrated_cores/SiFive_E21/bsp/design-rtl/install/lib/release//libmetal.a(scrub.o)
 .data          0x0000000000000000        0x0 /home/users/behzad.mehmood/Desktop/my_work/LM_RISCV_DV_E21_0/integrated_cores/SiFive_E21/bsp/design-rtl/install/lib/release//libmetal.a(scrub.o)
 .bss           0x0000000000000000        0x0 /home/users/behzad.mehmood/Desktop/my_work/LM_RISCV_DV_E21_0/integrated_cores/SiFive_E21/bsp/design-rtl/install/lib/release//libmetal.a(scrub.o)
 .text          0x0000000000000000       0x30 /home/users/behzad.mehmood/Desktop/my_work/LM_RISCV_DV_E21_0/integrated_cores/SiFive_E21/bsp/design-rtl/install/lib/release//libmetal.a(trap.o)
 .data          0x0000000000000000        0x0 /home/users/behzad.mehmood/Desktop/my_work/LM_RISCV_DV_E21_0/integrated_cores/SiFive_E21/bsp/design-rtl/install/lib/release//libmetal.a(trap.o)
 .bss           0x0000000000000000        0x0 /home/users/behzad.mehmood/Desktop/my_work/LM_RISCV_DV_E21_0/integrated_cores/SiFive_E21/bsp/design-rtl/install/lib/release//libmetal.a(trap.o)
 .eh_frame      0x0000000000000000       0x28 /home/users/behzad.mehmood/Desktop/my_work/LM_RISCV_DV_E21_0/integrated_cores/SiFive_E21/bsp/design-rtl/install/lib/release//libmetal.a(trap.o)

Memory Configuration

Name             Origin             Length             Attributes
itim             0x0000000080008000 0x0000000000004000 axrwl
ram              0x0000000080000000 0x0000000000004000 arw !xl
rom              0x0000000020000000 0x0000000000002000 xrl !aw
*default*        0x0000000000000000 0xffffffffffffffff

Linker script and memory map

LOAD /tmp/ccXdOvj7.o
START GROUP
LOAD /home/users/behzad.mehmood/Desktop/E21/integration/riscv64-unknown-elf-gcc-8.3.0-2019.08.0-x86_64-linux-ubuntu14/bin/../lib/gcc/riscv64-unknown-elf/8.3.0/../../../../riscv64-unknown-elf/lib/rv32imac/ilp32/libc_nano.a
LOAD /home/users/behzad.mehmood/Desktop/E21/integration/riscv64-unknown-elf-gcc-8.3.0-2019.08.0-x86_64-linux-ubuntu14/bin/../lib/gcc/riscv64-unknown-elf/8.3.0/rv32imac/ilp32/libgcc.a
LOAD /home/users/behzad.mehmood/Desktop/E21/integration/riscv64-unknown-elf-gcc-8.3.0-2019.08.0-x86_64-linux-ubuntu14/bin/../lib/gcc/riscv64-unknown-elf/8.3.0/../../../../riscv64-unknown-elf/lib/rv32imac/ilp32/libm.a
LOAD /home/users/behzad.mehmood/Desktop/my_work/LM_RISCV_DV_E21_0/integrated_cores/SiFive_E21/bsp/design-rtl/install/lib/release//libmetal.a
LOAD /home/users/behzad.mehmood/Desktop/my_work/LM_RISCV_DV_E21_0/integrated_cores/SiFive_E21/bsp/design-rtl/install/lib/release//libmetal-gloss.a
END GROUP
                0x0000000000000400                __stack_size = DEFINED (__stack_size)?__stack_size:0x400
                [!provide]                        PROVIDE (__stack_size = __stack_size)
                0x0000000000000800                __heap_size = DEFINED (__heap_size)?__heap_size:0x800
                0x0000000000000000                PROVIDE (__metal_boot_hart = 0x0)
                0x0000000000000001                PROVIDE (__metal_chicken_bit = 0x1)
                0x0000000000000000                PROVIDE (__metal_eccscrub_bit = 0x0)
                0x0000000080000000                PROVIDE (metal_sys_sram_0_memory_start = 0x80000000)
                0x0000000080004000                PROVIDE (metal_sys_sram_0_memory_end = 0x80004000)
                [!provide]                        PROVIDE (metal_sys_sram_1_memory_start = 0x80008000)
                [!provide]                        PROVIDE (metal_sys_sram_1_memory_end = 0x8000c000)

.init           0x0000000020000000      0x186
 *(.text.metal.init.enter)
 .text.metal.init.enter
                0x0000000020000000       0x90 /home/users/behzad.mehmood/Desktop/my_work/LM_RISCV_DV_E21_0/integrated_cores/SiFive_E21/bsp/design-rtl/install/lib/release//libmetal.a(entry.o)
                0x0000000020000000                _enter
 *(.text.metal.init.*)
 .text.metal.init.__register_frame_info
                0x0000000020000090        0x2 /home/users/behzad.mehmood/Desktop/my_work/LM_RISCV_DV_E21_0/integrated_cores/SiFive_E21/bsp/design-rtl/install/lib/release//libmetal.a(entry.o)
                0x0000000020000090                __register_frame_info
 .text.metal.init.scrub
                0x0000000020000092       0xe4 /home/users/behzad.mehmood/Desktop/my_work/LM_RISCV_DV_E21_0/integrated_cores/SiFive_E21/bsp/design-rtl/install/lib/release//libmetal.a(scrub.o)
                0x000000002000009e                __metal_before_start
 *fill*         0x0000000020000176        0x2 
 .text.metal.init.trapvec
                0x0000000020000178        0xe /home/users/behzad.mehmood/Desktop/my_work/LM_RISCV_DV_E21_0/integrated_cores/SiFive_E21/bsp/design-rtl/install/lib/release//libmetal.a(trap.o)
                0x0000000020000178                early_trap_vector
 *(SORT_NONE(.init))
 *(.text.libgloss.start)

.fini
 *(SORT_NONE(.fini))

.preinit_array  0x0000000020000188        0x0
                [!provide]                        PROVIDE (__preinit_array_start = .)
 *(.preinit_array)
                [!provide]                        PROVIDE (__preinit_array_end = .)

.init_array     0x0000000020000188        0x0
                [!provide]                        PROVIDE (__init_array_start = .)
 *(SORT_BY_INIT_PRIORITY(.init_array.*) SORT_BY_INIT_PRIORITY(.ctors.*))
 *(.init_array EXCLUDE_FILE(*crtend?.o *crtend.o *crtbegin?.o *crtbegin.o) .ctors)
                [!provide]                        PROVIDE (__init_array_end = .)
                [!provide]                        PROVIDE (metal_constructors_start = .)
 *(SORT_BY_INIT_PRIORITY(.metal.init_array.*))
 *(.metal.init_array)
                [!provide]                        PROVIDE (metal_constructors_end = .)

.fini_array     0x0000000020000188        0x0
                [!provide]                        PROVIDE (__fini_array_start = .)
 *(SORT_BY_INIT_PRIORITY(.fini_array.*) SORT_BY_INIT_PRIORITY(.dtors.*))
 *(.fini_array EXCLUDE_FILE(*crtend?.o *crtend.o *crtbegin?.o *crtbegin.o) .dtors)
                [!provide]                        PROVIDE (__fini_array_end = .)
                [!provide]                        PROVIDE (metal_destructors_start = .)
 *(SORT_BY_INIT_PRIORITY(.metal.fini_array.*))
 *(.metal.fini_array)
                [!provide]                        PROVIDE (metal_destructors_end = .)

.ctors
 *crtbegin.o(.ctors)
 *crtbegin?.o(.ctors)
 *(EXCLUDE_FILE(*crtend?.o *crtend.o) .ctors)
 *(SORT_BY_NAME(.ctors.*))
 *(.ctors)
 *(.metal.ctors .metal.ctors.*)

.dtors
 *crtbegin.o(.dtors)
 *crtbegin?.o(.dtors)
 *(EXCLUDE_FILE(*crtend?.o *crtend.o) .dtors)
 *(SORT_BY_NAME(.dtors.*))
 *(.dtors)
 *(.metal.dtors .metal.dtors.*)

.rodata         0x0000000020000186        0x2
 *(.rdata)
 *(.rodata .rodata.*)
 *(.gnu.linkonce.r.*)
                0x0000000020000188                . = ALIGN (0x8)
 *fill*         0x0000000020000186        0x2 
 *(.srodata.cst16)
 *(.srodata.cst8)
 *(.srodata.cst4)
 *(.srodata.cst2)
 *(.srodata .srodata.*)

.itim           0x0000000080008000        0x0 load address 0x0000000020000188
 *(.itim .itim.*)
                [!provide]                        PROVIDE (metal_segment_itim_source_start = LOADADDR (.itim))
                [!provide]                        PROVIDE (metal_segment_itim_target_start = ADDR (.itim))
                [!provide]                        PROVIDE (metal_segment_itim_target_end = (ADDR (.itim) + SIZEOF (.itim)))

.text           0x0000000020000188       0xfe
 *(.text.unlikely .text.unlikely.*)
 *(.text.startup .text.startup.*)
 *(.text .text.*)
 .text          0x0000000020000188       0xfe /tmp/ccXdOvj7.o
                0x0000000020000188                _start
 *(.gnu.linkonce.t.*)

.rela.dyn       0x0000000020000288        0x0
 .rela.text.metal.init.enter
                0x0000000020000288        0x0 /tmp/ccXdOvj7.o
 .rela.text.metal.init.scrub
                0x0000000020000288        0x0 /tmp/ccXdOvj7.o

.data           0x0000000080000000       0x70 load address 0x0000000020000288
 *(.data .data.*)
 .data          0x0000000080000000       0x6a /tmp/ccXdOvj7.o
                0x0000000080000000                hw_data
 *(.gnu.linkonce.d.*)
                0x0000000080000070                . = ALIGN (0x8)
 *fill*         0x000000008000006a        0x6 
                0x0000000080000870                PROVIDE (__global_pointer$ = (. + 0x800))
 *(.sdata .sdata.* .sdata2.*)
 *(.gnu.linkonce.s.*)

.tdata          0x0000000080000070        0x0 load address 0x00000000200002f8
                [!provide]                        PROVIDE (__tls_base = .)
 *(.tdata .tdata.* .gnu.linkonce.td.*)
                [!provide]                        PROVIDE (__tdata_source = LOADADDR (.tdata))
                [!provide]                        PROVIDE (__tdata_size = SIZEOF (.tdata))
                [!provide]                        PROVIDE (metal_segment_data_source_start = LOADADDR (.data))
                [!provide]                        PROVIDE (metal_segment_data_target_start = ADDR (.data))
                [!provide]                        PROVIDE (metal_segment_data_target_end = (ADDR (.tdata) + SIZEOF (.tdata)))

.tbss           0x0000000080000070        0x0
 *(.tbss .tbss.* .gnu.linkonce.tb.*)
 *(.tcommon .tcommon.*)
                [!provide]                        PROVIDE (__tls_end = .)
                0x0000000000000000                PROVIDE (__tbss_size = SIZEOF (.tbss))
                [!provide]                        PROVIDE (__tls_size = (__tls_end - __tls_base))

.tbss_space     0x0000000080000070        0x0
                0x0000000080000070                . = (. + __tbss_size)

.bss            0x0000000080000070        0x0
 *(.sbss*)
 *(.gnu.linkonce.sb.*)
 *(.bss .bss.*)
 *(.gnu.linkonce.b.*)
 *(COMMON)
                [!provide]                        PROVIDE (metal_segment_bss_source_start = LOADADDR (.tbss))
                [!provide]                        PROVIDE (metal_segment_bss_target_start = ADDR (.tbss))
                [!provide]                        PROVIDE (metal_segment_bss_target_end = (ADDR (.bss) + SIZEOF (.bss)))

.stack          0x0000000080000070      0x400
                [!provide]                        PROVIDE (metal_segment_stack_begin = .)
                0x0000000080000470                . = (. + __stack_size)
 *fill*         0x0000000080000070      0x400 
                0x0000000080000470                PROVIDE (_sp = .)
                [!provide]                        PROVIDE (metal_segment_stack_end = .)

.heap           0x0000000080000470      0x800
                [!provide]                        PROVIDE (__end = .)
                [!provide]                        PROVIDE (__heap_start = .)
                [!provide]                        PROVIDE (metal_segment_heap_target_start = .)
                0x0000000000000800                . = DEFINED (__heap_max)?MIN ((LENGTH (ram) - (. - ORIGIN (ram))), 0x10000000):__heap_size
 *fill*         0x0000000080000470      0x800 
                [!provide]                        PROVIDE (metal_segment_heap_target_end = .)
                [!provide]                        PROVIDE (_heap_end = .)
                [!provide]                        PROVIDE (__heap_end = .)

/DISCARD/
 *(.eh_frame .eh_frame.*)
OUTPUT(out/seed-2/instr_gen/directed_asm_tests/hello_world.o elf32-littleriscv)

.riscv.attributes
                0x0000000000000000       0x29
 .riscv.attributes
                0x0000000000000000       0x29 /tmp/ccXdOvj7.o
 .riscv.attributes
                0x0000000000000029       0x29 /home/users/behzad.mehmood/Desktop/my_work/LM_RISCV_DV_E21_0/integrated_cores/SiFive_E21/bsp/design-rtl/install/lib/release//libmetal.a(entry.o)
 .riscv.attributes
                0x0000000000000052       0x29 /home/users/behzad.mehmood/Desktop/my_work/LM_RISCV_DV_E21_0/integrated_cores/SiFive_E21/bsp/design-rtl/install/lib/release//libmetal.a(scrub.o)
 .riscv.attributes
                0x000000000000007b       0x29 /home/users/behzad.mehmood/Desktop/my_work/LM_RISCV_DV_E21_0/integrated_cores/SiFive_E21/bsp/design-rtl/install/lib/release//libmetal.a(trap.o)
